
Running 4 tests using 4 workers

  Ôťś  2 [chromium] ÔÇ║ tests\how_it_works_page.spec.js:19:5 ÔÇ║ PhD Betting Research Lab - How It Works Page ÔÇ║ should verify tab navigation and accessibility (6.4s)
  Ôťś  1 [chromium] ÔÇ║ tests\how_it_works_page.spec.js:55:5 ÔÇ║ PhD Betting Research Lab - How It Works Page ÔÇ║ should verify All-Odds Calculator logic (6.4s)
  Ôťś  3 [chromium] ÔÇ║ tests\how_it_works_page.spec.js:110:5 ÔÇ║ PhD Betting Research Lab - How It Works Page ÔÇ║ should render Math formulas safely (6.4s)
  Ôťś  4 [chromium] ÔÇ║ tests\how_it_works_page.spec.js:92:5 ÔÇ║ PhD Betting Research Lab - How It Works Page ÔÇ║ should verify theme persistence and SSR safety (6.3s)


  1) [chromium] ÔÇ║ tests\how_it_works_page.spec.js:19:5 ÔÇ║ PhD Betting Research Lab - How It Works Page ÔÇ║ should verify tab navigation and accessibility 

    Error: [2mexpect([22m[31mlocator[39m[2m).[22mtoBeVisible[2m([22m[2m)[22m failed

    Locator: getByText('PhD Betting Research Lab')
    Expected: visible
    Timeout: 5000ms
    Error: element(s) not found

    Call log:
    [2m  - Expect "toBeVisible" with timeout 5000ms[22m
    [2m  - waiting for getByText('PhD Betting Research Lab')[22m


      14 |
      15 |         // Verify we are on the correct page
    > 16 |         await expect(page.getByText('PhD Betting Research Lab', { exact: false })).toBeVisible({ timeout: 5000 });
         |                                                                                    ^
      17 |     });
      18 |
      19 |     test('should verify tab navigation and accessibility', async ({ page }) => {
        at D:\minden adat a g├ępr┼Ĺl\Let├Âlt├ęsek mapp├íb├│l\phd betting\frontend\tests\how_it_works_page.spec.js:16:84

    attachment #1: screenshot (image/png) ÔöÇÔöÇÔöÇÔöÇÔöÇÔöÇÔöÇÔöÇÔöÇÔöÇÔöÇÔöÇÔöÇÔöÇÔöÇÔöÇÔöÇÔöÇÔöÇÔöÇÔöÇÔöÇÔöÇÔöÇÔöÇÔöÇÔöÇÔöÇÔöÇÔöÇÔöÇÔöÇÔöÇÔöÇÔöÇÔöÇÔöÇÔöÇÔöÇÔöÇÔöÇÔöÇÔöÇÔöÇÔöÇÔöÇÔöÇÔöÇÔöÇÔöÇÔöÇÔöÇÔöÇÔöÇÔöÇÔöÇÔöÇÔöÇ
    test-results\how_it_works_page-PhD-Bett-71a4c-avigation-and-accessibility-chromium\test-failed-1.png
    ÔöÇÔöÇÔöÇÔöÇÔöÇÔöÇÔöÇÔöÇÔöÇÔöÇÔöÇÔöÇÔöÇÔöÇÔöÇÔöÇÔöÇÔöÇÔöÇÔöÇÔöÇÔöÇÔöÇÔöÇÔöÇÔöÇÔöÇÔöÇÔöÇÔöÇÔöÇÔöÇÔöÇÔöÇÔöÇÔöÇÔöÇÔöÇÔöÇÔöÇÔöÇÔöÇÔöÇÔöÇÔöÇÔöÇÔöÇÔöÇÔöÇÔöÇÔöÇÔöÇÔöÇÔöÇÔöÇÔöÇÔöÇÔöÇÔöÇÔöÇÔöÇÔöÇÔöÇÔöÇÔöÇÔöÇÔöÇÔöÇÔöÇÔöÇÔöÇÔöÇÔöÇÔöÇÔöÇÔöÇÔöÇÔöÇÔöÇÔöÇÔöÇÔöÇÔöÇÔöÇÔöÇÔöÇÔöÇÔöÇÔöÇÔöÇÔöÇÔöÇÔöÇÔöÇÔöÇÔöÇ

    Error Context: test-results\how_it_works_page-PhD-Bett-71a4c-avigation-and-accessibility-chromium\error-context.md

  2) [chromium] ÔÇ║ tests\how_it_works_page.spec.js:55:5 ÔÇ║ PhD Betting Research Lab - How It Works Page ÔÇ║ should verify All-Odds Calculator logic 

    Error: [2mexpect([22m[31mlocator[39m[2m).[22mtoBeVisible[2m([22m[2m)[22m failed

    Locator: getByText('PhD Betting Research Lab')
    Expected: visible
    Timeout: 5000ms
    Error: element(s) not found

    Call log:
    [2m  - Expect "toBeVisible" with timeout 5000ms[22m
    [2m  - waiting for getByText('PhD Betting Research Lab')[22m


      14 |
      15 |         // Verify we are on the correct page
    > 16 |         await expect(page.getByText('PhD Betting Research Lab', { exact: false })).toBeVisible({ timeout: 5000 });
         |                                                                                    ^
      17 |     });
      18 |
      19 |     test('should verify tab navigation and accessibility', async ({ page }) => {
        at D:\minden adat a g├ępr┼Ĺl\Let├Âlt├ęsek mapp├íb├│l\phd betting\frontend\tests\how_it_works_page.spec.js:16:84

    attachment #1: screenshot (image/png) ÔöÇÔöÇÔöÇÔöÇÔöÇÔöÇÔöÇÔöÇÔöÇÔöÇÔöÇÔöÇÔöÇÔöÇÔöÇÔöÇÔöÇÔöÇÔöÇÔöÇÔöÇÔöÇÔöÇÔöÇÔöÇÔöÇÔöÇÔöÇÔöÇÔöÇÔöÇÔöÇÔöÇÔöÇÔöÇÔöÇÔöÇÔöÇÔöÇÔöÇÔöÇÔöÇÔöÇÔöÇÔöÇÔöÇÔöÇÔöÇÔöÇÔöÇÔöÇÔöÇÔöÇÔöÇÔöÇÔöÇÔöÇÔöÇ
    test-results\how_it_works_page-PhD-Bett-ae3e9-y-All-Odds-Calculator-logic-chromium\test-failed-1.png
    ÔöÇÔöÇÔöÇÔöÇÔöÇÔöÇÔöÇÔöÇÔöÇÔöÇÔöÇÔöÇÔöÇÔöÇÔöÇÔöÇÔöÇÔöÇÔöÇÔöÇÔöÇÔöÇÔöÇÔöÇÔöÇÔöÇÔöÇÔöÇÔöÇÔöÇÔöÇÔöÇÔöÇÔöÇÔöÇÔöÇÔöÇÔöÇÔöÇÔöÇÔöÇÔöÇÔöÇÔöÇÔöÇÔöÇÔöÇÔöÇÔöÇÔöÇÔöÇÔöÇÔöÇÔöÇÔöÇÔöÇÔöÇÔöÇÔöÇÔöÇÔöÇÔöÇÔöÇÔöÇÔöÇÔöÇÔöÇÔöÇÔöÇÔöÇÔöÇÔöÇÔöÇÔöÇÔöÇÔöÇÔöÇÔöÇÔöÇÔöÇÔöÇÔöÇÔöÇÔöÇÔöÇÔöÇÔöÇÔöÇÔöÇÔöÇÔöÇÔöÇÔöÇÔöÇÔöÇÔöÇ

    Error Context: test-results\how_it_works_page-PhD-Bett-ae3e9-y-All-Odds-Calculator-logic-chromium\error-context.md

  3) [chromium] ÔÇ║ tests\how_it_works_page.spec.js:92:5 ÔÇ║ PhD Betting Research Lab - How It Works Page ÔÇ║ should verify theme persistence and SSR safety 

    Error: [2mexpect([22m[31mlocator[39m[2m).[22mtoBeVisible[2m([22m[2m)[22m failed

    Locator: getByText('PhD Betting Research Lab')
    Expected: visible
    Timeout: 5000ms
    Error: element(s) not found

    Call log:
    [2m  - Expect "toBeVisible" with timeout 5000ms[22m
    [2m  - waiting for getByText('PhD Betting Research Lab')[22m


      14 |
      15 |         // Verify we are on the correct page
    > 16 |         await expect(page.getByText('PhD Betting Research Lab', { exact: false })).toBeVisible({ timeout: 5000 });
         |                                                                                    ^
      17 |     });
      18 |
      19 |     test('should verify tab navigation and accessibility', async ({ page }) => {
        at D:\minden adat a g├ępr┼Ĺl\Let├Âlt├ęsek mapp├íb├│l\phd betting\frontend\tests\how_it_works_page.spec.js:16:84

    attachment #1: screenshot (image/png) ÔöÇÔöÇÔöÇÔöÇÔöÇÔöÇÔöÇÔöÇÔöÇÔöÇÔöÇÔöÇÔöÇÔöÇÔöÇÔöÇÔöÇÔöÇÔöÇÔöÇÔöÇÔöÇÔöÇÔöÇÔöÇÔöÇÔöÇÔöÇÔöÇÔöÇÔöÇÔöÇÔöÇÔöÇÔöÇÔöÇÔöÇÔöÇÔöÇÔöÇÔöÇÔöÇÔöÇÔöÇÔöÇÔöÇÔöÇÔöÇÔöÇÔöÇÔöÇÔöÇÔöÇÔöÇÔöÇÔöÇÔöÇÔöÇ
    test-results\how_it_works_page-PhD-Bett-93d0f--persistence-and-SSR-safety-chromium\test-failed-1.png
    ÔöÇÔöÇÔöÇÔöÇÔöÇÔöÇÔöÇÔöÇÔöÇÔöÇÔöÇÔöÇÔöÇÔöÇÔöÇÔöÇÔöÇÔöÇÔöÇÔöÇÔöÇÔöÇÔöÇÔöÇÔöÇÔöÇÔöÇÔöÇÔöÇÔöÇÔöÇÔöÇÔöÇÔöÇÔöÇÔöÇÔöÇÔöÇÔöÇÔöÇÔöÇÔöÇÔöÇÔöÇÔöÇÔöÇÔöÇÔöÇÔöÇÔöÇÔöÇÔöÇÔöÇÔöÇÔöÇÔöÇÔöÇÔöÇÔöÇÔöÇÔöÇÔöÇÔöÇÔöÇÔöÇÔöÇÔöÇÔöÇÔöÇÔöÇÔöÇÔöÇÔöÇÔöÇÔöÇÔöÇÔöÇÔöÇÔöÇÔöÇÔöÇÔöÇÔöÇÔöÇÔöÇÔöÇÔöÇÔöÇÔöÇÔöÇÔöÇÔöÇÔöÇÔöÇÔöÇÔöÇ

    Error Context: test-results\how_it_works_page-PhD-Bett-93d0f--persistence-and-SSR-safety-chromium\error-context.md

  4) [chromium] ÔÇ║ tests\how_it_works_page.spec.js:110:5 ÔÇ║ PhD Betting Research Lab - How It Works Page ÔÇ║ should render Math formulas safely 

    Error: [2mexpect([22m[31mlocator[39m[2m).[22mtoBeVisible[2m([22m[2m)[22m failed

    Locator: getByText('PhD Betting Research Lab')
    Expected: visible
    Timeout: 5000ms
    Error: element(s) not found

    Call log:
    [2m  - Expect "toBeVisible" with timeout 5000ms[22m
    [2m  - waiting for getByText('PhD Betting Research Lab')[22m


      14 |
      15 |         // Verify we are on the correct page
    > 16 |         await expect(page.getByText('PhD Betting Research Lab', { exact: false })).toBeVisible({ timeout: 5000 });
         |                                                                                    ^
      17 |     });
      18 |
      19 |     test('should verify tab navigation and accessibility', async ({ page }) => {
        at D:\minden adat a g├ępr┼Ĺl\Let├Âlt├ęsek mapp├íb├│l\phd betting\frontend\tests\how_it_works_page.spec.js:16:84

    attachment #1: screenshot (image/png) ÔöÇÔöÇÔöÇÔöÇÔöÇÔöÇÔöÇÔöÇÔöÇÔöÇÔöÇÔöÇÔöÇÔöÇÔöÇÔöÇÔöÇÔöÇÔöÇÔöÇÔöÇÔöÇÔöÇÔöÇÔöÇÔöÇÔöÇÔöÇÔöÇÔöÇÔöÇÔöÇÔöÇÔöÇÔöÇÔöÇÔöÇÔöÇÔöÇÔöÇÔöÇÔöÇÔöÇÔöÇÔöÇÔöÇÔöÇÔöÇÔöÇÔöÇÔöÇÔöÇÔöÇÔöÇÔöÇÔöÇÔöÇÔöÇ
    test-results\how_it_works_page-PhD-Bett-9c895-render-Math-formulas-safely-chromium\test-failed-1.png
    ÔöÇÔöÇÔöÇÔöÇÔöÇÔöÇÔöÇÔöÇÔöÇÔöÇÔöÇÔöÇÔöÇÔöÇÔöÇÔöÇÔöÇÔöÇÔöÇÔöÇÔöÇÔöÇÔöÇÔöÇÔöÇÔöÇÔöÇÔöÇÔöÇÔöÇÔöÇÔöÇÔöÇÔöÇÔöÇÔöÇÔöÇÔöÇÔöÇÔöÇÔöÇÔöÇÔöÇÔöÇÔöÇÔöÇÔöÇÔöÇÔöÇÔöÇÔöÇÔöÇÔöÇÔöÇÔöÇÔöÇÔöÇÔöÇÔöÇÔöÇÔöÇÔöÇÔöÇÔöÇÔöÇÔöÇÔöÇÔöÇÔöÇÔöÇÔöÇÔöÇÔöÇÔöÇÔöÇÔöÇÔöÇÔöÇÔöÇÔöÇÔöÇÔöÇÔöÇÔöÇÔöÇÔöÇÔöÇÔöÇÔöÇÔöÇÔöÇÔöÇÔöÇÔöÇÔöÇÔöÇ

    Error Context: test-results\how_it_works_page-PhD-Bett-9c895-render-Math-formulas-safely-chromium\error-context.md

  4 failed
    [chromium] ÔÇ║ tests\how_it_works_page.spec.js:19:5 ÔÇ║ PhD Betting Research Lab - How It Works Page ÔÇ║ should verify tab navigation and accessibility 
    [chromium] ÔÇ║ tests\how_it_works_page.spec.js:55:5 ÔÇ║ PhD Betting Research Lab - How It Works Page ÔÇ║ should verify All-Odds Calculator logic 
    [chromium] ÔÇ║ tests\how_it_works_page.spec.js:92:5 ÔÇ║ PhD Betting Research Lab - How It Works Page ÔÇ║ should verify theme persistence and SSR safety 
    [chromium] ÔÇ║ tests\how_it_works_page.spec.js:110:5 ÔÇ║ PhD Betting Research Lab - How It Works Page ÔÇ║ should render Math formulas safely 
